// Jest Snapshot v1, https://goo.gl/fbAQLP

exports[`matches snapshot 1`] = `
<DocumentFragment>
  <div>
    <div
      style="margin-top: 60px;"
    >
      <h1>
        Welcome to Jobly
      </h1>
      <h4>
        A place to search for and 
        <br />
         apply for jobs.
      </h4>
    </div>
  </div>
</DocumentFragment>
`;
